.intel_syntax prefix

.section .text

# Opcode handlers
.extern __kefirrt_nop_impl
.extern __kefirrt_jmp_impl
.extern __kefirrt_ijmp_impl
.extern __kefirrt_branch_impl
.extern __kefirrt_push_impl
.extern __kefirrt_pop_impl
.extern __kefirrt_pick_impl
.extern __kefirrt_put_impl
.extern __kefirrt_insert_impl
.extern __kefirrt_xchg_impl
.extern __kefirrt_drop_impl
.extern __kefirrt_iadd_impl
.extern __kefirrt_iadd1_impl
.extern __kefirrt_isub_impl
.extern __kefirrt_imul_impl
.extern __kefirrt_idiv_impl
.extern __kefirrt_imod_impl
.extern __kefirrt_udiv_impl
.extern __kefirrt_umod_impl
.extern __kefirrt_ineg_impl
.extern __kefirrt_inot_impl
.extern __kefirrt_iand_impl
.extern __kefirrt_ior_impl
.extern __kefirrt_ixor_impl
.extern __kefirrt_ishr_impl
.extern __kefirrt_isar_impl
.extern __kefirrt_ishl_impl
.extern __kefirrt_iequals_impl
.extern __kefirrt_igreater_impl
.extern __kefirrt_ilesser_impl
.extern __kefirrt_iabove_impl
.extern __kefirrt_ibelow_impl
.extern __kefirrt_band_impl
.extern __kefirrt_bor_impl
.extern __kefirrt_bnot_impl
.extern __kefirrt_trunc1_impl
.extern __kefirrt_extend8_impl
.extern __kefirrt_extend16_impl
.extern __kefirrt_extend32_impl
.extern __kefirrt_offsetptr_impl
.extern __kefirrt_elementptr_impl
.extern __kefirrt_load8u_impl
.extern __kefirrt_load8i_impl
.extern __kefirrt_load16u_impl
.extern __kefirrt_load16i_impl
.extern __kefirrt_load24u_impl
.extern __kefirrt_load32u_impl
.extern __kefirrt_load32i_impl
.extern __kefirrt_load40u_impl
.extern __kefirrt_load48u_impl
.extern __kefirrt_load56u_impl
.extern __kefirrt_load64_impl
.extern __kefirrt_loadld_impl
.extern __kefirrt_store8_impl
.extern __kefirrt_store16_impl
.extern __kefirrt_store24_impl
.extern __kefirrt_store32_impl
.extern __kefirrt_store40_impl
.extern __kefirrt_store48_impl
.extern __kefirrt_store56_impl
.extern __kefirrt_store64_impl
.extern __kefirrt_storeld_impl
.extern __kefirrt_bzero_impl
.extern __kefirrt_bcopy_impl
.extern __kefirrt_extubits_impl
.extern __kefirrt_extsbits_impl
.extern __kefirrt_insertbits_impl
.extern __kefirrt_getlocals_impl
.extern __kefirrt_f32add_impl
.extern __kefirrt_f32sub_impl
.extern __kefirrt_f32mul_impl
.extern __kefirrt_f32div_impl
.extern __kefirrt_f32neg_impl
.extern __kefirrt_f64add_impl
.extern __kefirrt_f64sub_impl
.extern __kefirrt_f64mul_impl
.extern __kefirrt_f64div_impl
.extern __kefirrt_f64neg_impl
.extern __kefirrt_ldadd_impl
.extern __kefirrt_ldsub_impl
.extern __kefirrt_ldmul_impl
.extern __kefirrt_lddiv_impl
.extern __kefirrt_ldneg_impl
.extern __kefirrt_f32equals_impl
.extern __kefirrt_f32greater_impl
.extern __kefirrt_f32lesser_impl
.extern __kefirrt_f64equals_impl
.extern __kefirrt_f64greater_impl
.extern __kefirrt_f64lesser_impl
.extern __kefirrt_ldequals_impl
.extern __kefirrt_ldgreater_impl
.extern __kefirrt_ldlesser_impl
.extern __kefirrt_ldtrunc1_impl
.extern __kefirrt_f32cint_impl
.extern __kefirrt_f64cint_impl
.extern __kefirrt_intcf32_impl
.extern __kefirrt_intcf64_impl
.extern __kefirrt_uintcf32_impl
.extern __kefirrt_uintcf64_impl
.extern __kefirrt_f32cf64_impl
.extern __kefirrt_f64cf32_impl
.extern __kefirrt_alloca_impl
.extern __kefirrt_intcld_impl
.extern __kefirrt_uintcld_impl
.extern __kefirrt_ldcint_impl
.extern __kefirrt_f32cld_impl
.extern __kefirrt_f64cld_impl
.extern __kefirrt_ldcf32_impl
.extern __kefirrt_ldcf64_impl
.extern __kefirrt_pushscope_impl
.extern __kefirrt_popscope_impl
# Runtime functions
.extern __kefirrt_preserve_state
.extern __kefirrt_restore_state
.extern __kefirrt_save_registers
.extern __kefirrt_load_integer_vararg
.extern __kefirrt_load_sse_vararg
.extern __kefirrt_copy_vararg

# Externals

# Globals
.global get_global_uninit_static
.global get_global_tlocal_uninit_static
.global get_local_tlocal_uninit_static
.global get_local_uninit_static
.global GLOBAL_UNINIT_STATIC

get_global_uninit_static:
# Begin prologue of get_global_uninit_static
    call __kefirrt_preserve_state
    sub %rsp, 16
    call __kefirrt_generic_prologue
# Load parameters of get_global_uninit_static
# End prologue of get_global_uninit_static
    lea %rbx, [__get_global_uninit_static_body]
    jmp [%rbx]
__get_global_uninit_static_body:
    .quad __kefirrt_push_impl, __kefirrt_module_static_uninit_vars
    .quad __get_global_uninit_static_epilogue, 0
    .quad __get_global_uninit_static_epilogue, 0
__get_global_uninit_static_epilogue:
# Begin epilogue of get_global_uninit_static
    pop %rax
    mov %rsp, %r14
    add %rsp, 16
    jmp __kefirrt_restore_state
# End of get_global_uninit_static

get_global_tlocal_uninit_static:
# Begin prologue of get_global_tlocal_uninit_static
    call __kefirrt_preserve_state
    sub %rsp, 16
    call __kefirrt_generic_prologue
# Load parameters of get_global_tlocal_uninit_static
# End prologue of get_global_tlocal_uninit_static
    lea %rbx, [__get_global_tlocal_uninit_static_body]
    jmp [%rbx]
__get_global_tlocal_uninit_static_body:
    .quad __kefirrt_tls_entry___kefirrt_module_static_tlocal_uninit_vars, 0
    .quad __get_global_tlocal_uninit_static_epilogue, 0
    .quad __get_global_tlocal_uninit_static_epilogue, 0
__get_global_tlocal_uninit_static_epilogue:
# Begin epilogue of get_global_tlocal_uninit_static
    pop %rax
    mov %rsp, %r14
    add %rsp, 16
    jmp __kefirrt_restore_state
# End of get_global_tlocal_uninit_static

get_local_tlocal_uninit_static:
# Begin prologue of get_local_tlocal_uninit_static
    call __kefirrt_preserve_state
    sub %rsp, 16
    call __kefirrt_generic_prologue
# Load parameters of get_local_tlocal_uninit_static
# End prologue of get_local_tlocal_uninit_static
    lea %rbx, [__get_local_tlocal_uninit_static_body]
    jmp [%rbx]
__get_local_tlocal_uninit_static_body:
    .quad __kefirrt_tls_entry___kefirrt_module_static_tlocal_uninit_vars, 0
    .quad __kefirrt_offsetptr_impl, 24
    .quad __get_local_tlocal_uninit_static_epilogue, 0
    .quad __get_local_tlocal_uninit_static_epilogue, 0
__get_local_tlocal_uninit_static_epilogue:
# Begin epilogue of get_local_tlocal_uninit_static
    pop %rax
    mov %rsp, %r14
    add %rsp, 16
    jmp __kefirrt_restore_state
# End of get_local_tlocal_uninit_static

get_local_uninit_static:
# Begin prologue of get_local_uninit_static
    call __kefirrt_preserve_state
    sub %rsp, 16
    call __kefirrt_generic_prologue
# Load parameters of get_local_uninit_static
# End prologue of get_local_uninit_static
    lea %rbx, [__get_local_uninit_static_body]
    jmp [%rbx]
__get_local_uninit_static_body:
    .quad __kefirrt_push_impl, __kefirrt_module_static_uninit_vars
    .quad __kefirrt_offsetptr_impl, 24
    .quad __get_local_uninit_static_epilogue, 0
    .quad __get_local_uninit_static_epilogue, 0
__get_local_uninit_static_epilogue:
# Begin epilogue of get_local_uninit_static
    pop %rax
    mov %rsp, %r14
    add %rsp, 16
    jmp __kefirrt_restore_state
# End of get_local_uninit_static

__kefirrt_tls_entry___kefirrt_module_static_tlocal_uninit_vars:
    lea %r12, [__kefirrt_module_static_tlocal_uninit_vars@tpoff]
    add %r12, %fs:0
    push %r12
    add %rbx, 16
    jmp [%rbx]

.section .data
__kefirrt_module_static_vars:
    .byte 0x67, 0x65, 0x74, 0x5f, 0x67, 0x6c, 0x6f, 0x62, 0x61, 0x6c, 0x5f, 0x75, 0x6e, 0x69, 0x6e, 0x69, 0x74, 0x5f, 0x73, 0x74, 0x61, 0x74, 0x69, 0x63, 0x00
    .byte 0x67, 0x65, 0x74, 0x5f, 0x6c, 0x6f, 0x63, 0x61, 0x6c, 0x5f, 0x75, 0x6e, 0x69, 0x6e, 0x69, 0x74, 0x5f, 0x73, 0x74, 0x61, 0x74, 0x69, 0x63, 0x00
    .byte 0x67, 0x65, 0x74, 0x5f, 0x67, 0x6c, 0x6f, 0x62, 0x61, 0x6c, 0x5f, 0x74, 0x6c, 0x6f, 0x63, 0x61, 0x6c, 0x5f, 0x75, 0x6e, 0x69, 0x6e, 0x69, 0x74, 0x5f, 0x73, 0x74, 0x61, 0x74, 0x69, 0x63, 0x00
    .byte 0x67, 0x65, 0x74, 0x5f, 0x6c, 0x6f, 0x63, 0x61, 0x6c, 0x5f, 0x74, 0x6c, 0x6f, 0x63, 0x61, 0x6c, 0x5f, 0x75, 0x6e, 0x69, 0x6e, 0x69, 0x74, 0x5f, 0x73, 0x74, 0x61, 0x74, 0x69, 0x63, 0x00

    .align 8
GLOBAL_UNINIT_STATIC:
    .quad __kefirrt_module_static_uninit_vars

.section .bss
    .align 8
__kefirrt_module_static_uninit_vars:
    .long 0x00000000
    .zero 4
    .quad 0x0000000000000000
    .quad 0x0000000000000000
    .long 0x00000000
    .zero 4
    .quad 0x0000000000000000
    .quad 0x0000000000000000

.section .tbss
    .align 8
__kefirrt_module_static_tlocal_uninit_vars:
    .long 0x00000000
    .zero 4
    .quad 0x0000000000000000
    .quad 0x0000000000000000
    .long 0x00000000
    .zero 4
    .quad 0x0000000000000000
    .quad 0x0000000000000000

